# To test if the graph will output the two nodes we add in alphabetical order

# Create a graph
created graph A

# Add two nodes
added node z to A
added node x to A

# Print out the nodes in the graph along with their outgoing edges
A contains: x z
the children of x in A are:
the children of z in A are: